---
http_interactions:
- request:
    method: get
    uri: https://graph.facebook.com/me/feed?access_token=<FACEBOOK_PAGE_1_ACCCESS_TOKEN>&fields=id,from,to,message,created_time,permalink_url,comments%7Bid,from,to,message,created_time%7D
    body:
      encoding: US-ASCII
      string: ''
    headers:
      User-Agent:
      - Faraday v2.7.4
      Accept-Encoding:
      - gzip;q=1.0,deflate;q=0.6,identity;q=0.3
      Accept:
      - "*/*"
  response:
    status:
      code: 200
      message: OK
    headers:
      Etag:
      - '"75f619d7dc256e66f2c1bdc0edc3e2543ed73349"'
      Content-Type:
      - application/json; charset=UTF-8
      Vary:
      - Accept-Encoding
      - Origin
      X-Business-Use-Case-Usage:
      - '{"<FACEBOOK_PAGE_1_ID>":[{"type":"pages","call_count":1,"total_cputime":1,"total_time":1,"estimated_time_to_regain_access":0}]}'
      X-Fb-Rlafr:
      - '1'
      Access-Control-Allow-Origin:
      - "*"
      Facebook-Api-Version:
      - v16.0
      Strict-Transport-Security:
      - max-age=15552000; preload
      Pragma:
      - no-cache
      Cache-Control:
      - private, no-cache, no-store, must-revalidate
      Expires:
      - Sat, 01 Jan 2000 00:00:00 GMT
      X-Fb-Request-Id:
      - A8RCQi3cynfZL9K62fIU49q
      X-Fb-Trace-Id:
      - FYJZLPV/o/B
      X-Fb-Rev:
      - '1007457467'
      X-Fb-Debug:
      - H/Lh0jGDtbxgzlNfmOs7jgCM3adzcIbkrWE1qQ032u6zFPl1fpipl6lT9c8CxC3uUc/4IYWuO65a16f4B2I3mQ==
      Date:
      - Tue, 09 May 2023 10:59:07 GMT
      Alt-Svc:
      - h3=":443"; ma=86400
      Connection:
      - keep-alive
      Content-Length:
      - '2004'
    body:
      encoding: ASCII-8BIT
      string: '{"data":[{"id":"<FACEBOOK_PAGE_1_ID>_<FACEBOOK_PAGE_1_POST_ID>","from":{"name":"<FACEBOOK_PAGE_1_NAME>","id":"<FACEBOOK_PAGE_1_ID>"},"message":"<FACEBOOK_PAGE_1_POST_MESSAGE>","created_time":"2023-05-04T13:01:24+0000","permalink_url":"https:\/\/www.facebook.com\/113763278376594\/posts\/<FACEBOOK_PAGE_1_POST_ID>","comments":{"data":[{"id":"<FACEBOOK_PAGE_1_POST_ID>_<FACEBOOK_PAGE_1_POST_COMMENT_ID>","from":{"name":"<FACEBOOK_ADMIN_FIRSTNAME>
        <FACEBOOK_ADMIN_LASTNAME>","id":"<FACEBOOK_CUSTOMER_ID>"},"message":"Consectetur
        adipiscing elit.","created_time":"2023-05-05T12:03:30+0000"}]}}],"paging":{"cursors":{"before":"QVFIUlc5RHprY0IxejJEME9yVVpXS3hXV1ZAHRjQtUnJkZAnQyWEprMVRaUlMwRlJfbGN0ZAkNPSkYzVjgyMWZA0dHMzQVA5VjU5SjA1dWotNExGUUdmMk84Y1lYQUZAjcDFSZAjA2VmRsbFdoS3B6SGJ3NVFHOGFrUmpGbVNvU2pSaWpwb3k4UnVnZAkNwcHBxZAm40LUlZAX1p5cTBzcUVVQ1Rtb0FsVnhvd3BSWkVfWWFPNi13SFNpQUNJaXRFNWd1R09hdEsxTEdIVUdVR0lPeS1vdFBtdlkxUWk1ZAnF6aEU4Q0Y1bktUM041SlRwekJnRTdZANGdIZAFlZAUEtRRFAtUm9yVnJ4TXBHWVNhYWV5REV2M2tYSWtYelNSejBkWG5xMVpNT3o5YmRSNHdaOURkcnJsdWE4TTFiUTBLaFFGcFEtck9XcjNXOWlTUk5HcDBwSVhvckNBWm5jb1ZARYUM0dEtjZAUVKNjVVcTA5NkdUMHd1RmZACa21SemEzRjhwUURpZAEhMbkR6MjR4N0RMYjZAoSm9kWnVucm1adDFkNUhhWExYaURwREF4dGNCZAEQ3WkFpYVh4QWNJUXVaZAWx3YjBqN3gyYkdzSElpRi1sRTdacXlHWkpneGw2WWdRbUR5QUFpZAXU2Q29oZAG10ZAHZAwVVZAueTE5aFZATYXNMNHpfT1liQTN1QnhYa0h5N2Rka3VPaVp3VnpFTkhpMkhwZAzI3UQZDZD","after":"QVFIUjlDWFp2cDVIdFNOWjItVkJHNkJoWHp0VmtjVEJfYnRxcWlxaUR4Sjd3VGQxZAnhsTzF6ZAFc4YTFBYkozc2hiZAEwzSjhBWTIteEVxNUJwaHFYd3c0UllCZAF9RbTM2TGpOU0xBVTN0YnhVSmhWYWYtX19HWTNhRjRHNDJ4cG8tMFUtR3RxZAHVPUF9CcERZATmNSNHg2aTVVWF9TbGU4Vk9OMi1ESjRRNHhXRmpiMjRaMU5ueTh2UlhtWXdsRkNLa1pEa2MwZAFhHcGtHYVJfdFdJdFlidVlVdU1PY19RQVo4ekluWGYwOHBNMEJLSkczeEkzYVFtWk9OdV95aFFMSUpvWndDTUFpb2ZAGS0lBOFhqalY1Sm1wS0R2c04zTFZAWYUZAnVXA3T3BwRFl2MnJhaWxvOWFpcXhfcUhLbThybUN4aTQ3ckJRUkJ0N0NIemsxWExIc2pHLWVrUnVKVTI2UkctVDVsbWJqeTFQb3ZAPUThjUVBLWjQ3NVoyTDZAHVEVYRDRDODk5ekdpSDRIV1ZADWHNNS2NNd2dmakFCT3ZAlVDFVd0dsREVWdlJWN0cwYV9DdkkzNXVhQmZAjRGFBMnAtSTR6ekxrdm14VFgwTTA4N01uVVVQZA0gtY3hUcF84c0p2MUppZAEJIOHZAhb1lSUDJteEJIT0hFSUJZANUxic0xKQzJ1N0NqaTRWa0IySmxiTTQwQmNNZA0RJZAnJjZAwZDZD"}}}'
  recorded_at: Tue, 09 May 2023 10:59:07 GMT
- request:
    method: get
    uri: https://graph.facebook.com/me/accounts?access_token=<FACEBOOK_ADMIN_ACCESS_TOKEN>
    body:
      encoding: US-ASCII
      string: ''
    headers:
      User-Agent:
      - Faraday v2.7.4
      Accept-Encoding:
      - gzip;q=1.0,deflate;q=0.6,identity;q=0.3
      Accept:
      - "*/*"
  response:
    status:
      code: 200
      message: OK
    headers:
      Etag:
      - '"f706d1ec90738a63aaeee3ce38881bce3ce5b158"'
      Content-Type:
      - application/json; charset=UTF-8
      Vary:
      - Accept-Encoding
      - Origin
      Cross-Origin-Resource-Policy:
      - cross-origin
      X-App-Usage:
      - '{"call_count":1,"total_cputime":0,"total_time":0}'
      X-Fb-Rlafr:
      - '0'
      Access-Control-Allow-Origin:
      - "*"
      Facebook-Api-Version:
      - v16.0
      Strict-Transport-Security:
      - max-age=15552000; preload
      Pragma:
      - no-cache
      Cache-Control:
      - private, no-cache, no-store, must-revalidate
      Expires:
      - Sat, 01 Jan 2000 00:00:00 GMT
      X-Fb-Request-Id:
      - Aapn0EwfQiWofFcBWHPg05L
      X-Fb-Trace-Id:
      - DhxKg9u1d2/
      X-Fb-Rev:
      - '1007457464'
      X-Fb-Debug:
      - Jn+oEyClYdBSpQ2uFAmMdltlUACMEI6gjQ5gZ7Ce6fY0zTmgzrWsoAjp/+PgswZSmlO9yeXhOFeexKnkZb+N6w==
      Date:
      - Tue, 09 May 2023 10:59:07 GMT
      Alt-Svc:
      - h3=":443"; ma=86400
      Connection:
      - keep-alive
      Content-Length:
      - '1276'
    body:
      encoding: ASCII-8BIT
      string: '{"data":[{"access_token":"***","category":"Information Technology Company","category_list":[{"id":"1130035050388269","name":"Information
        Technology Company"}],"name":"<FACEBOOK_PAGE_2_NAME>","id":"<FACEBOOK_PAGE_2_ID>","tasks":["ADVERTISE","ANALYZE","CREATE_CONTENT","MESSAGING","MODERATE","MANAGE"]},{"access_token":"***","category":"Information
        Technology Company","category_list":[{"id":"1130035050388269","name":"Information
        Technology Company"}],"name":"<FACEBOOK_PAGE_1_NAME>","id":"<FACEBOOK_PAGE_1_ID>","tasks":["ADVERTISE","ANALYZE","CREATE_CONTENT","MESSAGING","MODERATE","MANAGE"]}],"paging":{"cursors":{"before":"QVFIUlJ0cHRCY3ZAvSHZAuLVNfUWl5WmlsanZAfTEgwdnNxaEZAZASDFLbWZAPSjRjdHN4MG5KUDV6eDBVOE5XTVRlZAzFGTG9vRDA0bTdrNDdvaUdjVms5QkVnM2dn","after":"QVFIUnpVZAGkxc0NsQ0dEOGlFakpuc2puYzNYT1FFQzlwNjJIWmdzMWpIUEVWNmJqQnFsNHNqQWNRWDhSTmMweTV0bWpLcVc0Y1lkUHVUUlRPWkdyRmlvbkdB"}}}'
  recorded_at: Tue, 09 May 2023 10:59:07 GMT
- request:
    method: get
    uri: https://graph.facebook.com/<FACEBOOK_PAGE_1_ID>?access_token=<FACEBOOK_PAGE_1_ACCCESS_TOKEN>&fields=first_name,last_name,email
    body:
      encoding: US-ASCII
      string: ''
    headers:
      User-Agent:
      - Faraday v2.7.4
      Accept-Encoding:
      - gzip;q=1.0,deflate;q=0.6,identity;q=0.3
      Accept:
      - "*/*"
  response:
    status:
      code: 400
      message: Bad Request
    headers:
      Vary:
      - Origin
      Cross-Origin-Resource-Policy:
      - cross-origin
      X-App-Usage:
      - '{"call_count":1,"total_cputime":0,"total_time":0}'
      X-Fb-Rlafr:
      - '0'
      Content-Type:
      - application/json; charset=UTF-8
      Www-Authenticate:
      - OAuth "Facebook Platform" "invalid_request" "(#100) Tried accessing nonexisting
        field (first_name) on node type (Page)"
      Access-Control-Allow-Origin:
      - "*"
      Facebook-Api-Version:
      - v16.0
      Strict-Transport-Security:
      - max-age=15552000; preload
      Pragma:
      - no-cache
      Cache-Control:
      - no-store
      Expires:
      - Sat, 01 Jan 2000 00:00:00 GMT
      X-Fb-Request-Id:
      - Amr9ejlw8KSN1PLHjNbysmm
      X-Fb-Trace-Id:
      - HP9BN8k0yHY
      X-Fb-Rev:
      - '1007457464'
      X-Fb-Debug:
      - uVwXhOs8XXUmoLOWhDhwFQ89QF1E1cuVmY+Pjz8oIRPlxNKgAlciX2RKgPLfarlNb4veiHswSxbhvpL1buo+DA==
      Date:
      - Tue, 09 May 2023 10:59:08 GMT
      Alt-Svc:
      - h3=":443"; ma=86400
      Connection:
      - keep-alive
      Content-Length:
      - '171'
    body:
      encoding: UTF-8
      string: '{"error":{"message":"(#100) Tried accessing nonexisting field (first_name)
        on node type (Page)","type":"OAuthException","code":100,"fbtrace_id":"Amr9ejlw8KSN1PLHjNbysmm"}}'
  recorded_at: Tue, 09 May 2023 10:59:08 GMT
- request:
    method: get
    uri: https://graph.facebook.com/<FACEBOOK_PAGE_1_ID>?access_token=<FACEBOOK_PAGE_1_ACCCESS_TOKEN>&fields=name
    body:
      encoding: US-ASCII
      string: ''
    headers:
      User-Agent:
      - Faraday v2.7.4
      Accept-Encoding:
      - gzip;q=1.0,deflate;q=0.6,identity;q=0.3
      Accept:
      - "*/*"
  response:
    status:
      code: 200
      message: OK
    headers:
      Etag:
      - '"490d75cfcb87d779ff43b31ba6fb8410483c4b3c"'
      Content-Type:
      - application/json; charset=UTF-8
      Vary:
      - Origin
      X-Business-Use-Case-Usage:
      - '{"<FACEBOOK_PAGE_1_ID>":[{"type":"pages","call_count":1,"total_cputime":1,"total_time":1,"estimated_time_to_regain_access":0}]}'
      X-Fb-Rlafr:
      - '0'
      Access-Control-Allow-Origin:
      - "*"
      Facebook-Api-Version:
      - v16.0
      Strict-Transport-Security:
      - max-age=15552000; preload
      Pragma:
      - no-cache
      Cache-Control:
      - private, no-cache, no-store, must-revalidate
      Expires:
      - Sat, 01 Jan 2000 00:00:00 GMT
      X-Fb-Request-Id:
      - AvkVr6yiVlSWyrJd4ebIqz_
      X-Fb-Trace-Id:
      - FpDNO3tv/md
      X-Fb-Rev:
      - '1007457467'
      X-Fb-Debug:
      - TToCoEnCd6J5E+96VDJM+YejQHNkAjNKzRouko9n6/J2eaQ+rB1OsqCazy1pJHID5BUUPZmPprWsp95DriEsJw==
      Date:
      - Tue, 09 May 2023 10:59:08 GMT
      Alt-Svc:
      - h3=":443"; ma=86400
      Connection:
      - keep-alive
      Content-Length:
      - '37'
    body:
      encoding: UTF-8
      string: '{"name":"<FACEBOOK_PAGE_1_NAME>","id":"<FACEBOOK_PAGE_1_ID>"}'
  recorded_at: Tue, 09 May 2023 10:59:08 GMT
- request:
    method: get
    uri: https://graph.facebook.com/<FACEBOOK_PAGE_1_ID>/picture?type=large
    body:
      encoding: US-ASCII
      string: ''
    headers:
      Accept-Encoding:
      - gzip;q=1.0,deflate;q=0.6,identity;q=0.3
      Accept:
      - "*/*"
      User-Agent:
      - Zammad User Agent
      Host:
      - graph.facebook.com
  response:
    status:
      code: 302
      message: Found
    headers:
      X-Fb-Rlafr:
      - '0'
      Location:
      - https://scontent-fra5-2.xx.fbcdn.net/v/t39.30808-1/344829966_1221981612013330_8354171219719494060_n.png?stp=dst-png_p200x200&_nc_cat=109&ccb=1-7&_nc_sid=dbb9e7&_nc_ohc=lLIUqSvB6OgAX8hntme&_nc_ht=scontent-fra5-2.xx&edm=AOf6bZoEAAAA&oh=00_AfBsunr7mzcjgMwicGID6a4hpXS0o7cHSsZ-WhqPpnsaIQ&oe=645EDA25
      Content-Type:
      - image/jpeg
      Access-Control-Allow-Origin:
      - "*"
      Facebook-Api-Version:
      - v10.0
      Strict-Transport-Security:
      - max-age=15552000; preload
      Pragma:
      - no-cache
      Cache-Control:
      - private, no-cache, no-store, must-revalidate
      Expires:
      - Sat, 01 Jan 2000 00:00:00 GMT
      X-Fb-Request-Id:
      - AfnEkkQhEPEg7XV4bWAaNF1
      X-Fb-Trace-Id:
      - GClySR4ZiYN
      X-Fb-Rev:
      - '1007457467'
      X-Fb-Debug:
      - KA6TexY0Pl4+JL2dG4kjPjtMTvJQLlELgH4Utogl5NuK03dRcKZpeZtNhE3CA5TxHM1web9iCZAW6xotoi7BXg==
      Date:
      - Tue, 09 May 2023 10:59:08 GMT
      Alt-Svc:
      - h3=":443"; ma=86400
      Connection:
      - keep-alive
      Content-Length:
      - '0'
    body:
      encoding: UTF-8
      string: ''
  recorded_at: Tue, 09 May 2023 10:59:08 GMT
- request:
    method: get
    uri: https://scontent-fra5-2.xx.fbcdn.net/v/t39.30808-1/344829966_1221981612013330_8354171219719494060_n.png?_nc_cat=109&_nc_ht=scontent-fra5-2.xx&_nc_ohc=lLIUqSvB6OgAX8hntme&_nc_sid=dbb9e7&ccb=1-7&edm=AOf6bZoEAAAA&oe=645EDA25&oh=00_AfBsunr7mzcjgMwicGID6a4hpXS0o7cHSsZ-WhqPpnsaIQ&stp=dst-png_p200x200
    body:
      encoding: US-ASCII
      string: ''
    headers:
      Accept-Encoding:
      - gzip;q=1.0,deflate;q=0.6,identity;q=0.3
      Accept:
      - "*/*"
      User-Agent:
      - Zammad User Agent
      Host:
      - scontent-fra5-2.xx.fbcdn.net
  response:
    status:
      code: 200
      message: OK
    headers:
      X-Storage-Error-Category:
      - dfs:none;sc_p:200:WSE_NOT_SET
      Last-Modified:
      - Thu, 04 May 2023 10:26:49 GMT
      X-Needle-Checksum:
      - '2133444885'
      Content-Type:
      - image/png
      Content-Digest:
      - adler32=2018415679
      Timing-Allow-Origin:
      - "*"
      Cross-Origin-Resource-Policy:
      - cross-origin
      Access-Control-Allow-Origin:
      - "*"
      Cache-Control:
      - max-age=1209600, no-transform
      Accept-Ranges:
      - bytes
      X-Fb-Trip-Id:
      - '1679558926'
      Date:
      - Tue, 09 May 2023 10:59:09 GMT
      Alt-Svc:
      - h3=":443"; ma=86400
      Connection:
      - keep-alive
      Content-Length:
      - '3567'
    body:
      encoding: ASCII-8BIT
      string: !binary |-
        iVBORw0KGgoAAAANSUhEUgAAAMgAAADICAIAAAAiOjnJAAAAAXNSR0IB2cksfwAADalJREFUeJztnUl3G8cRgKuXAfd9wU6RlC3beX5xTvml/h2555JjjnnOIXnPjrhg34iVJAhguqdzaJBabMvTJErCzNT3dBSHA+FTV3d1dTX76cefgSAWDf/SL0DEExKLQIHEIlAgsQgUSCwCBRKLQIHEIlAgsQgUSCwCBRKLQIHEIlAgsQgUSCwCBRKLQIHEIlAgsQgUSCwCBRKLQIHEIlAgsQgUSCwCBRKLQIHEIlAgsQgUSCwCBRKLQIHEIlAgsQgUSCwCBRKLQIHEIlAgsQgUSCwCBRKLQIHEIlAgsQgUSCwCBRKLQIHEIlAgsQgUSCwCBRKLQIHEIlAgsQgUSCwCBRKLQIHEIlAgsQgUSCwCBRKLQIHEIlAgsQgUSCwCBRKLQIHEIlAgsQgUSCwCBfmlX2BZMMYs6lGMsUU9KrqQWGBVSHneQh5ljPGVWsijIk3SxTLGSCn7w9E///Vvzl80MWAAvtLpw/2//vC9Uirh41bixQKQQvzvuvyfXy5WV1deGBCDwNRa7T99db6xvqaDIMlmJV0sztjM968q9fX1NU/KF4rFGXuYTkv1xg/fvlHTaZIHrUSvCo0xnpTNm26n35ecB0FgXkZgDABclqsJH64SLxYA5/yyXF3UlMgY40mv3r7pD0dSigWuNCNHosUSnD9MJtfVuhRyUQoIzh4mk1KtscBnRpHkimXjYL3V6S10dLGj4EW5qrROcjRMsFgAjMFFuRoEZoEGWF9bN91uf/Dy1UB0Sa5YkvPb+3Gp3vCkDGCRXz9nbDqbXVXrQoiEapVYsQJjpJTVRnt0dy8EX6hXYAAEF1eV2kz5PKkZh4SKZb/tt6UKxsONMVKKdrfX6fYTuzZMqFhSiMHtba3VQpoGccZ8pS4rNcETGg2TKJaNg6Va4278IF62P/h7GAAhxHW1Pp3NkhkNkygWA9BaX5SqnHGk4cQY4wnR7Q+anW4y14aJE8uWM3QHw0bnxvPcvnKnv8wYU1pfVqqcY+m7zCRPLAApxFW1PplOwwcpm/Z0GnsMGCnkda0xnkyQAu4yk7wPPJ9WV0XogYQxNpv5xUz6m/PTqe+H3FU0BqQU/eGo0e4kMBomS6ynREC725Ohv2wGYExwVsy9OTth4DATZwBBEFyUa4wtNlMWARImFoDg4rJc830VPg5qY9ZWV7PHR4d7u3vbW0rr0IOW8aQs1xGXn0tLwj4tY5Pp9KpaC7/ZwhhTSmWPDne2NldSqUIurVTY3WWbdBje3tWa7aRFwwSJNS/r69x0B8PwX7MNZ2fFvBQiMOa8kOeMhRfEKnhRrj7/vaNJksR6LGjRLgUtOgjWV1df5TJaa6119vhwe2sj/BNsMrbSaM03JRNDgj6q4Px+/HBdazgMV4wppTNHB7s720prHQQb62uFzLGvwk6zbBnF3f240mh6UgaJiYZJEcvGwWqrPRzdOUywAAITnJ8U3uUmDJwWck6rPAMACIVfS05SxLJclCoGHL5dHQTra2vFbMYWxXPGlFL59PH25obWQciHPJWqDm5vZWIqtJIilhBidHdfabRk6HjEGPOVyh0fzlMMAACggmBzfT2fPlbKIWEhOL9/eCjVmuGTZ1EnEWIF83xS83Y8lqHzSQzAGHNWzP96s++0kAPHaMgZv3RcN0SaRIj1mAGvMHCwwU7VT7IZX6mnhDtnTGmVTx9vrq/rwCUaerLRuekNRwkZtOIv1tOeXb3lsGf3GAePdrY2tdbvBz2tg+3N9Xz6yOk0os3NXlfrCZlmJUCseZVB3anKgAGAgfNinvOP06EGgDF2Wsg95T/DvQZwzi8rNafJWXSJv1gMQGl1UXari7JxsJjN+Ep/tPHMGfOVLmTStvNHyAc+HQvr9AZSxL8QPuZi2a+z0xs0b3qucTCfPtqxSfZfjS9a6+3NjezRke8YDWe+77RTGV3iLhaAEOKqUpu51p4bOD8psN/ZFrRx7ayQM8YtGs6PhfnxPxYWc7E4Y7PZ7LLiNkjoINjcWC9k0r7S/LfMYQx8pYrZ9MbaqlM0lFJ0+oOWy/AZUeIs1mOXot5Nr++FntZ8mF7XvzkiMWBa652tzezxoWs0VEoloRA+1mK935/DpbwdAM5P8p9OetmHnxZyxjjsEdmK+1LNreI+isRZLMHZeDK5rrl1KdI62NrYKGSO/U/mBRiAUqqYTa87R0PZHYwanZt4R8PYijXvgdbqOPVAs/Wihczx1sbGp3Wxp7t2t7czh4fKpYrGnmq8LNfiHQ3jKxaALd10LlZhcFbMQ4jNHwMgOD8tZAPj0BjSwPwc9vghzoXwsf1gkvO78bhcb3pShC+vswmqQiZU8YJNvRZzmbXVVR2EPm9onjpHxPlYWDzFCoyRni0IvhNChPypp5T65sa6CjFtsvWle9vb6cN9pR3WhgwgCIwthI+nVnEVy1a8XJQqrtt5jMH5SR5Cpz3tKu80nwtc2iQHxnhSVBrNO5cynmgRw081P3Q1uqs22w5l5gxsasoW8YUcfhiA0vokl1ldWXGqZ7eFh9VGW3rxLISPo1jGeFKWao17l9kxB+YrVcikN9bWlA4MgDF//AcYU0rt7WwfHew5ZUrfHQuLoVQQz5sp5l2KyhWnLkU24fn1aZFzLgR3SKgas5pKvS4WKvVm+EJCW9RabbaGt3exvB8lbmK916Wo69SlyK4HtzY2+sNRYILwPRqMMZPp7GBvZyWVcouGj+vWP3/7dfzuR4mdWPMuRbXJdLrmMu/hnE9ns7/9/R8GDANmHEIUAzAMGGPMrdsWAGPsolz9/s3rWDkFEEOxOGO+71+Wn9P8MwiM1v6zf7XrkGPngo12pz8c7WxvOqXvl59YTd5tHGz3bJei51RpshfwjBcWnI8nk+s43o8SL7EABOcX5dqn94+Xh8dC+BgeC4uVWJE7CfPYAKd70x/E7FhYfMSy5QyNzk23P4zQl2TvR7muReY/Q0hiJBYA5+yiVNVBlMKKDd+X0QnfIYmPWDYtVKo3IjRcvbfg6MfsfpSYiGUT2bVmezCKXkeXeYokXvejxESsSG+9zc+oVWtxuh8lJmIJwUd3d5VGSzpeNrEMPN2P0rqJz/0ocRArMMaTXrke4fKmx/tR4lMIH8mv4SNsl6K3pSqAQz/jpcIASCGvq42HyUTwOETDyItljxf3hqN6u+N66dIL93AWuMNjP0V/OIzNsbDIb0I//l+vP0wmTuUMdqjzlQpCnwoMj+DcdXHKAHQQXJSr58WCcamoXk4iLxYDprS6dOxSNL96yfe/e3361auTmfJ/s0fDMwgAVqT878XV21Il5Xnhx54AwJOyXGvejcdOP7icRFssu9fW7vWbz1hPGSM4/8t33xRzmVnoO73++KmBWUmlUp53UXK8jcIYYY+FNTtvzk6ms1mkq2giLhaAEOKyXJ35vlMctB2wjvf393d3bu/HTod5/vCVZr5/dLh/sLfTG7jtWjIAY+CyUnlzdhL1aBjtybvdwb2q1l1bmdm6+NNCdiWVss9ZFPamnbWVlVf5rHIshrH7B5VG6/b+Xkb8fpQIv/1T88WbXt9z3GULjPE876yQx9ixtumP82I+fE/5J6Tgt/fjSqMV9ftRoizW+12KnO6nZEwpfbS/e7i/i1EQPI+zB/uHe7tOHZQ+aDnh0h1pCYmwWPO63qpzXS8D0IE+y+dSnoc0KgTGrKRSZ4Wca2mome+md4ajOylEFLc+LVEV6+mCmv7IoUuRJTAm5Xmn7t96eObuFvPPcFdwfv8wr/8JImtWZMUCAIC3pYpT04SnDlhHB3vPiFOOv0Uf7e8eHew53TPwwf0okapY/IioiiW5neQ2Pek2JNgE91kh76HFQYvdGj8v5F1PORtjpCcbnW5v4DwYLw+RFMt2Kao2n3NtaWDMSso7zWexD8Y8ZjRyriekAUAw9jCZlKJ8LCySYtkuRW8duxS9nxdFjYPvfpdWB3u7mcMDp34hHyx4HX9weYieWMYYIcRwdFtz6lIE8JRhOn1WhukZ2OZ9Zyd514ngfKuq273pD8I3El8qIigWgCflda3p1KXIYrMAnyEOWmwvydN81qmXpIUzNp35z9hUWBKiJ5adfV9WqoJzp3IqzrlSOn14cLC76yPHwfmr2l6SOzvZo0OlFecOW0fAmBTiulqP6LGwiG1CP8aIXrneNACzmUMPD8bYdDY7K+SkFP70M81d7LHB85P8L9clzrhbUGNQa3Xq7U4xk15g/cXnIWJi2X5D3f5gb2d7NeU5hhdjb91VWn22r8guF17lsqeFXKADcJGDM5jM/N5geJLNYL4jCuynH3/+0u/wHDjn4HT11mNDKmPM558Lz6Pbs14Yo8D1MxC9Ecsy/+d2NeQLLa/e2RyRF3450Zu8E5GAxCJQILEIFEgsAgUSi0CBxCJQILEIFEgsAgUSi0CBxCJQILEIFEgsAgUSi0CBxCJQILEIFEgsAgUSi0CBxCJQILEIFEgsAgUSi0CBxCJQILEIFEgsAgUSi0CBxCJQILEIFEgsAgUSi0CBxCJQILEIFEgsAgUSi0CBxCJQILEIFEgsAgUSi0CBxCJQILEIFEgsAgUSi0CBxCJQILEIFEgsAgUSi0CBxCJQILEIFEgsAgUSi0CBxCJQILEIFEgsAgUSi0CBxCJQILEIFEgsAgUSi0CBxCJQILEIFEgsAoX/A/bKthuXhMbmAAAAAElFTkSuQmCC
  recorded_at: Tue, 09 May 2023 10:59:09 GMT
- request:
    method: get
    uri: https://graph.facebook.com/<FACEBOOK_CUSTOMER_ID>?access_token=<FACEBOOK_PAGE_1_ACCCESS_TOKEN>&fields=first_name,last_name,email
    body:
      encoding: US-ASCII
      string: ''
    headers:
      User-Agent:
      - Faraday v2.7.4
      Accept-Encoding:
      - gzip;q=1.0,deflate;q=0.6,identity;q=0.3
      Accept:
      - "*/*"
  response:
    status:
      code: 200
      message: OK
    headers:
      Etag:
      - '"9e954b9fd678bacb6be0e20e0398ec0e2f578d2f"'
      Content-Type:
      - application/json; charset=UTF-8
      Vary:
      - Origin
      X-Business-Use-Case-Usage:
      - '{"<FACEBOOK_PAGE_1_ID>":[{"type":"messenger","call_count":1,"total_cputime":1,"total_time":1,"estimated_time_to_regain_access":0}]}'
      X-Fb-Rlafr:
      - '0'
      Access-Control-Allow-Origin:
      - "*"
      Facebook-Api-Version:
      - v16.0
      Strict-Transport-Security:
      - max-age=15552000; preload
      Pragma:
      - no-cache
      Cache-Control:
      - private, no-cache, no-store, must-revalidate
      Expires:
      - Sat, 01 Jan 2000 00:00:00 GMT
      X-Fb-Request-Id:
      - AtJ_SLWEm2EJDeO742HLn5w
      X-Fb-Trace-Id:
      - C7pMtoDggkI
      X-Fb-Rev:
      - '1007457467'
      X-Fb-Debug:
      - M874nWWtd00M38AHfjZMAIbRJZMEnetbVus1fQGDEy7xSqqhm7x1Ztac22aCeYssLhNdft53MmUW8ybUJ5LG4A==
      Date:
      - Tue, 09 May 2023 10:59:09 GMT
      Alt-Svc:
      - h3=":443"; ma=86400
      Connection:
      - keep-alive
      Content-Length:
      - '67'
    body:
      encoding: UTF-8
      string: '{"first_name":"<FACEBOOK_ADMIN_FIRSTNAME>","last_name":"<FACEBOOK_ADMIN_LASTNAME>","id":"<FACEBOOK_CUSTOMER_ID>"}'
  recorded_at: Tue, 09 May 2023 10:59:09 GMT
- request:
    method: get
    uri: https://graph.facebook.com/<FACEBOOK_CUSTOMER_ID>/picture?type=large
    body:
      encoding: US-ASCII
      string: ''
    headers:
      Accept-Encoding:
      - gzip;q=1.0,deflate;q=0.6,identity;q=0.3
      Accept:
      - "*/*"
      User-Agent:
      - Zammad User Agent
      Host:
      - graph.facebook.com
  response:
    status:
      code: 400
      message: Bad Request
    headers:
      Vary:
      - Origin
      X-Fb-Rlafr:
      - '0'
      Content-Type:
      - application/json; charset=UTF-8
      Www-Authenticate:
      - OAuth "Facebook Platform" "invalid_request" "(#3) Application does not have
        the capability to make this API call."
      Access-Control-Allow-Origin:
      - "*"
      Facebook-Api-Version:
      - v10.0
      Strict-Transport-Security:
      - max-age=15552000; preload
      Pragma:
      - no-cache
      Cache-Control:
      - no-store
      Expires:
      - Sat, 01 Jan 2000 00:00:00 GMT
      X-Fb-Request-Id:
      - AkKiitDHQhfMHgsclyxIpYs
      X-Fb-Trace-Id:
      - AhmUXMC1fKN
      X-Fb-Rev:
      - '1007457464'
      X-Fb-Debug:
      - bFd06P+5GTwvbReFRwJVTI5V3h/UGMFprCwiVSwNYh7Kpc1M6qrL6ShQIi6bvaXKCBexqPE0whZejJneK476Bg==
      Date:
      - Tue, 09 May 2023 10:59:10 GMT
      Alt-Svc:
      - h3=":443"; ma=86400
      Connection:
      - keep-alive
      Content-Length:
      - '164'
    body:
      encoding: UTF-8
      string: '{"error":{"message":"(#3) Application does not have the capability
        to make this API call.","type":"OAuthException","code":3,"fbtrace_id":"AkKiitDHQhfMHgsclyxIpYs"}}'
  recorded_at: Tue, 09 May 2023 10:59:10 GMT
- request:
    method: get
    uri: https://graph.facebook.com/<FACEBOOK_PAGE_1_POST_ID>_<FACEBOOK_PAGE_1_POST_COMMENT_ID>/comments?access_token=<FACEBOOK_PAGE_1_ACCCESS_TOKEN>&fields=id,from,to,message,created_time
    body:
      encoding: US-ASCII
      string: ''
    headers:
      User-Agent:
      - Faraday v2.7.4
      Accept-Encoding:
      - gzip;q=1.0,deflate;q=0.6,identity;q=0.3
      Accept:
      - "*/*"
  response:
    status:
      code: 200
      message: OK
    headers:
      Etag:
      - '"1050253aec7b29caff644806927dabfa81406eee"'
      Content-Type:
      - application/json; charset=UTF-8
      Vary:
      - Origin
      X-Business-Use-Case-Usage:
      - '{"<FACEBOOK_PAGE_1_ID>":[{"type":"pages","call_count":1,"total_cputime":1,"total_time":1,"estimated_time_to_regain_access":0}]}'
      X-Fb-Rlafr:
      - '0'
      Access-Control-Allow-Origin:
      - "*"
      Facebook-Api-Version:
      - v16.0
      Strict-Transport-Security:
      - max-age=15552000; preload
      Pragma:
      - no-cache
      Cache-Control:
      - private, no-cache, no-store, must-revalidate
      Expires:
      - Sat, 01 Jan 2000 00:00:00 GMT
      X-Fb-Request-Id:
      - AxVpYR-UK-sj4uyZx8nzSw6
      X-Fb-Trace-Id:
      - FXXcNKNUK+G
      X-Fb-Rev:
      - '1007457464'
      X-Fb-Debug:
      - p6jF2B3nJ1lGYuK8dIpdMPweHo90SavE2pYLEC89uXNILZ70OvXcZD4oji6SOc1FsNjb29+KP5nMxxySJahz+g==
      Date:
      - Tue, 09 May 2023 10:59:10 GMT
      Alt-Svc:
      - h3=":443"; ma=86400
      Connection:
      - keep-alive
      Content-Length:
      - '11'
    body:
      encoding: UTF-8
      string: '{"data":[]}'
  recorded_at: Tue, 09 May 2023 10:59:10 GMT
recorded_with: VCR 6.1.0
