---
http_interactions:
- request:
    method: get
    uri: https://graph.facebook.com/me/feed?access_token=<FACEBOOK_PAGE_1_ACCCESS_TOKEN>&fields=id,from,to,message,created_time,permalink_url,comments%7Bid,from,to,message,created_time%7D
    body:
      encoding: US-ASCII
      string: ''
    headers:
      User-Agent:
      - Faraday v2.7.4
      Accept-Encoding:
      - gzip;q=1.0,deflate;q=0.6,identity;q=0.3
      Accept:
      - "*/*"
  response:
    status:
      code: 200
      message: OK
    headers:
      Etag:
      - '"a9418722ed1d0300234eeab4b2c137fcdaa98874"'
      Content-Type:
      - application/json; charset=UTF-8
      Vary:
      - Accept-Encoding
      - Origin
      X-Business-Use-Case-Usage:
      - '{"<FACEBOOK_PAGE_1_ID>":[{"type":"pages","call_count":1,"total_cputime":1,"total_time":1,"estimated_time_to_regain_access":0}]}'
      X-Fb-Rlafr:
      - '1'
      Access-Control-Allow-Origin:
      - "*"
      Facebook-Api-Version:
      - v16.0
      Strict-Transport-Security:
      - max-age=15552000; preload
      Pragma:
      - no-cache
      Cache-Control:
      - private, no-cache, no-store, must-revalidate
      Expires:
      - Sat, 01 Jan 2000 00:00:00 GMT
      X-Fb-Request-Id:
      - AiSncHJOkj3ZuRZez3myqzf
      X-Fb-Trace-Id:
      - Flazwy0N8kd
      X-Fb-Rev:
      - '1007457467'
      X-Fb-Debug:
      - FDfignLRr3PAuwKFjeqJ6x2dcaxsAYxjeE0ocJXGYOvbTBNwTm5oI3Fl+mbfXrC4i7y5Hq4qR+hen0ikMZYmyw==
      Date:
      - Tue, 09 May 2023 10:59:04 GMT
      Alt-Svc:
      - h3=":443"; ma=86400
      Connection:
      - keep-alive
      Content-Length:
      - '2016'
    body:
      encoding: ASCII-8BIT
      string: '{"data":[{"id":"<FACEBOOK_PAGE_1_ID>_<FACEBOOK_PAGE_1_POST_ID>","from":{"name":"<FACEBOOK_PAGE_1_NAME>","id":"<FACEBOOK_PAGE_1_ID>"},"message":"<FACEBOOK_PAGE_1_POST_MESSAGE>","created_time":"2023-05-04T13:01:24+0000","permalink_url":"https:\/\/www.facebook.com\/113763278376594\/posts\/<FACEBOOK_PAGE_1_POST_ID>","comments":{"data":[{"id":"<FACEBOOK_PAGE_1_POST_ID>_<FACEBOOK_PAGE_1_POST_COMMENT_ID>","from":{"name":"<FACEBOOK_ADMIN_FIRSTNAME>
        <FACEBOOK_ADMIN_LASTNAME>","id":"<FACEBOOK_CUSTOMER_ID>"},"message":"Consectetur
        adipiscing elit.","created_time":"2023-05-05T12:03:30+0000"}]}}],"paging":{"cursors":{"before":"QVFIUks3cjlCWldOWmQ5cHJodHhhRDNFNkdDb2xlY1hsSWd4VGxlaDF6akVGLVJXZAk1NbXQ5endockRDSEJkMVBTUTI5bzRmRTMwZAV9Vc3FhSzdxUkd2V00xRU1NV1hkcFdjWVA5MlVxMHV2eHg1QmNzOUlIMlp5Q1oxVjNyUEktN0VJUjRVUmM3YW40dnY3Wmx3NFI2TDJBdGhhTVB1TG5uMzZAvLWVzX3hUcndsWm5kNU1XVDh1TUdXbUU5QW1RQnE0SmFCSE4xNWJJbXU5R1FnYlZAWWVhGdERmdlJaMWZAZAUUx2NTBESXczV1dzVXlXMXJERXgwV1ZA4RmJQOTNJVlQ0cHFXSXJIVWthZAk5DZAmhMV1I3Mm9OUVpRQkI1ZADJtSnlQRnJodVZAHTE16bmtONDZAoMGZAsV1hLaUZAvSmVuMHhRZA25DZAW9DNnZAXRlpiVU45UUZASZAHRxMU1RVXNXaGpyVzh0c0d5ZAllnME0yYUlHc1hGTTMxYklmZAjFOSUR6WDVEbjJJNU9SdFlkYXlEVmpPcFY5LTRXSll5M04xZAkZArUGNtSnZAGVnh5TkZA2V1Y2T1I0N1lkeTVHbTVmNUlXZAXRmZAWI5c0dwQlFfRUxqclBacUo5WUg2dXhReEVaTGxKaDlHUXZAPbmd5U1Y0RmIwUUx2a2VyVlRiR0E4SmdBSjJuZAFpFOVhLOW10VXNTMWJMYUpKSTZArTXlvUE8zdwZDZD","after":"QVFIUkVtQ0VNMUdCWWM1dHBSLWxOcDZA5ZAzJUaWtLWm44WUJlNUszZA3VoV3hOWEw1MHVOY21wZAEQ4NWxaQmhOT19uMm8wQTlMbWVYSFVCaTZACR2poeGh4YUlQblpUNFVyMXVyZAUxSR2x0aVAxOGptOC1EZAWM1THF5SWdXTVRaOGpqNzZAlcVd4N3pWN3dFZAGFwOVozZA1FWclowX2N2d0ROdFFSbWs5d0lJaDhETG1ZASkU4aXFlTGR0TUFtUE12d1IxYTdyR0Y1N0xMSmt0YmUyOERFYXNtWXRrQUNuUkUwOFFNdGlTMWx0ZAS01Sll1V1ZAUdFh2SXZAObVZATOVl4WnRZAZA2l5NUtRS2E1MVdEbjRlRFJuY0s2Q0QxYWRvbUZAkVVFzWlQxeTBqYzZASLUZAiY2JyRi0wVmtjTnlWNFBudnJMZAWdNRVI4SHYtMTFpYkRqU19xcThHSWtvYlBFVExEZAWtiUXRxMUFsLXUzQ1IzbFFSOGd5a1ZApdEh2MTBacGJPYWdzVUxyM1NLVWh5U2dtdVlPR2NTWWNRZAXdkVW5rN193bHFyRDM4YS1DR1RZAS2FOOTdxU3hmOUJIRnhmVGw3czUxSGpOc2JycGlVQ3FvcHRaV0tYMklIczFCdTZAJZA19qblZAaVW44ank4aGVyM2ItdTZAONmI0WUpleDR3WVQwUEgweGk4MVFhdVplSzlvVkxTQ1JIZA3VWSHVGY1pDZAwZDZD"}}}'
  recorded_at: Tue, 09 May 2023 10:59:04 GMT
- request:
    method: get
    uri: https://graph.facebook.com/me/accounts?access_token=<FACEBOOK_ADMIN_ACCESS_TOKEN>
    body:
      encoding: US-ASCII
      string: ''
    headers:
      User-Agent:
      - Faraday v2.7.4
      Accept-Encoding:
      - gzip;q=1.0,deflate;q=0.6,identity;q=0.3
      Accept:
      - "*/*"
  response:
    status:
      code: 200
      message: OK
    headers:
      Etag:
      - '"bbeb1ad885e83cdbade7ed023be91a66faa1800f"'
      Content-Type:
      - application/json; charset=UTF-8
      Vary:
      - Accept-Encoding
      - Origin
      Cross-Origin-Resource-Policy:
      - cross-origin
      X-App-Usage:
      - '{"call_count":0,"total_cputime":0,"total_time":0}'
      X-Fb-Rlafr:
      - '0'
      Access-Control-Allow-Origin:
      - "*"
      Facebook-Api-Version:
      - v16.0
      Strict-Transport-Security:
      - max-age=15552000; preload
      Pragma:
      - no-cache
      Cache-Control:
      - private, no-cache, no-store, must-revalidate
      Expires:
      - Sat, 01 Jan 2000 00:00:00 GMT
      X-Fb-Request-Id:
      - AbVwplPBlBih6PqGWWQYN6s
      X-Fb-Trace-Id:
      - EWCldFD8IYa
      X-Fb-Rev:
      - '1007457464'
      X-Fb-Debug:
      - Ma+1tukbP9/+fdNytxEg8XZmzWcSqMyYKdrl1vL7la4lOBGl3UQAcI55BxdWZuLTKpN0XIgfh5cnQkb6CgLcMg==
      Date:
      - Tue, 09 May 2023 10:59:05 GMT
      Alt-Svc:
      - h3=":443"; ma=86400
      Connection:
      - keep-alive
      Content-Length:
      - '1274'
    body:
      encoding: ASCII-8BIT
      string: '{"data":[{"access_token":"***","category":"Information Technology Company","category_list":[{"id":"1130035050388269","name":"Information
        Technology Company"}],"name":"<FACEBOOK_PAGE_2_NAME>","id":"<FACEBOOK_PAGE_2_ID>","tasks":["ADVERTISE","ANALYZE","CREATE_CONTENT","MESSAGING","MODERATE","MANAGE"]},{"access_token":"***","category":"Information
        Technology Company","category_list":[{"id":"1130035050388269","name":"Information
        Technology Company"}],"name":"<FACEBOOK_PAGE_1_NAME>","id":"<FACEBOOK_PAGE_1_ID>","tasks":["ADVERTISE","ANALYZE","CREATE_CONTENT","MESSAGING","MODERATE","MANAGE"]}],"paging":{"cursors":{"before":"QVFIUlJ0cHRCY3ZAvSHZAuLVNfUWl5WmlsanZAfTEgwdnNxaEZAZASDFLbWZAPSjRjdHN4MG5KUDV6eDBVOE5XTVRlZAzFGTG9vRDA0bTdrNDdvaUdjVms5QkVnM2dn","after":"QVFIUnpVZAGkxc0NsQ0dEOGlFakpuc2puYzNYT1FFQzlwNjJIWmdzMWpIUEVWNmJqQnFsNHNqQWNRWDhSTmMweTV0bWpLcVc0Y1lkUHVUUlRPWkdyRmlvbkdB"}}}'
  recorded_at: Tue, 09 May 2023 10:59:05 GMT
- request:
    method: get
    uri: https://graph.facebook.com/<FACEBOOK_PAGE_1_ID>?access_token=<FACEBOOK_PAGE_1_ACCCESS_TOKEN>&fields=first_name,last_name,email
    body:
      encoding: US-ASCII
      string: ''
    headers:
      User-Agent:
      - Faraday v2.7.4
      Accept-Encoding:
      - gzip;q=1.0,deflate;q=0.6,identity;q=0.3
      Accept:
      - "*/*"
  response:
    status:
      code: 400
      message: Bad Request
    headers:
      Vary:
      - Origin
      Cross-Origin-Resource-Policy:
      - cross-origin
      X-App-Usage:
      - '{"call_count":0,"total_cputime":0,"total_time":0}'
      X-Fb-Rlafr:
      - '0'
      Content-Type:
      - application/json; charset=UTF-8
      Www-Authenticate:
      - OAuth "Facebook Platform" "invalid_request" "(#100) Tried accessing nonexisting
        field (first_name) on node type (Page)"
      Access-Control-Allow-Origin:
      - "*"
      Facebook-Api-Version:
      - v16.0
      Strict-Transport-Security:
      - max-age=15552000; preload
      Pragma:
      - no-cache
      Cache-Control:
      - no-store
      Expires:
      - Sat, 01 Jan 2000 00:00:00 GMT
      X-Fb-Request-Id:
      - Ak5RKGu0UElpzncLR35Ktie
      X-Fb-Trace-Id:
      - FEGBV0rQP4d
      X-Fb-Rev:
      - '1007457464'
      X-Fb-Debug:
      - qH4P1Op3DSoAGvs0rt065AMl3Yb2VSW8lDbU5VFHirgNAZ2GKthN1s9iMRYsUo1Uo66pA+ur1Es+5r3lojK8fQ==
      Date:
      - Tue, 09 May 2023 10:59:05 GMT
      Alt-Svc:
      - h3=":443"; ma=86400
      Connection:
      - keep-alive
      Content-Length:
      - '171'
    body:
      encoding: UTF-8
      string: '{"error":{"message":"(#100) Tried accessing nonexisting field (first_name)
        on node type (Page)","type":"OAuthException","code":100,"fbtrace_id":"Ak5RKGu0UElpzncLR35Ktie"}}'
  recorded_at: Tue, 09 May 2023 10:59:05 GMT
- request:
    method: get
    uri: https://graph.facebook.com/<FACEBOOK_PAGE_1_ID>?access_token=<FACEBOOK_PAGE_1_ACCCESS_TOKEN>&fields=name
    body:
      encoding: US-ASCII
      string: ''
    headers:
      User-Agent:
      - Faraday v2.7.4
      Accept-Encoding:
      - gzip;q=1.0,deflate;q=0.6,identity;q=0.3
      Accept:
      - "*/*"
  response:
    status:
      code: 200
      message: OK
    headers:
      Etag:
      - '"490d75cfcb87d779ff43b31ba6fb8410483c4b3c"'
      Content-Type:
      - application/json; charset=UTF-8
      Vary:
      - Origin
      X-Business-Use-Case-Usage:
      - '{"<FACEBOOK_PAGE_1_ID>":[{"type":"pages","call_count":1,"total_cputime":1,"total_time":1,"estimated_time_to_regain_access":0}]}'
      X-Fb-Rlafr:
      - '0'
      Access-Control-Allow-Origin:
      - "*"
      Facebook-Api-Version:
      - v16.0
      Strict-Transport-Security:
      - max-age=15552000; preload
      Pragma:
      - no-cache
      Cache-Control:
      - private, no-cache, no-store, must-revalidate
      Expires:
      - Sat, 01 Jan 2000 00:00:00 GMT
      X-Fb-Request-Id:
      - AyNMkm2LJWFYGjxXESZIQkk
      X-Fb-Trace-Id:
      - ErDgPALL+zc
      X-Fb-Rev:
      - '1007457464'
      X-Fb-Debug:
      - jWARqnGnl5Q0eD1Dr82D+fkxKnVD6WBZA6HgzuasZ7DBtpyssbdqnBLxF5HAuVwxTq2h10rq6JktXiuD5JO/LQ==
      Date:
      - Tue, 09 May 2023 10:59:06 GMT
      Alt-Svc:
      - h3=":443"; ma=86400
      Connection:
      - keep-alive
      Content-Length:
      - '37'
    body:
      encoding: UTF-8
      string: '{"name":"<FACEBOOK_PAGE_1_NAME>","id":"<FACEBOOK_PAGE_1_ID>"}'
  recorded_at: Tue, 09 May 2023 10:59:06 GMT
- request:
    method: get
    uri: https://graph.facebook.com/<FACEBOOK_PAGE_1_ID>/picture?type=large
    body:
      encoding: US-ASCII
      string: ''
    headers:
      Accept-Encoding:
      - gzip;q=1.0,deflate;q=0.6,identity;q=0.3
      Accept:
      - "*/*"
      User-Agent:
      - Zammad User Agent
      Host:
      - graph.facebook.com
  response:
    status:
      code: 302
      message: Found
    headers:
      X-Fb-Rlafr:
      - '0'
      Location:
      - https://scontent-fra5-2.xx.fbcdn.net/v/t39.30808-1/344829966_1221981612013330_8354171219719494060_n.png?stp=dst-png_p200x200&_nc_cat=109&ccb=1-7&_nc_sid=dbb9e7&_nc_ohc=lLIUqSvB6OgAX8hntme&_nc_ht=scontent-fra5-2.xx&edm=AOf6bZoEAAAA&oh=00_AfBsunr7mzcjgMwicGID6a4hpXS0o7cHSsZ-WhqPpnsaIQ&oe=645EDA25
      Content-Type:
      - image/jpeg
      Access-Control-Allow-Origin:
      - "*"
      Facebook-Api-Version:
      - v10.0
      Strict-Transport-Security:
      - max-age=15552000; preload
      Pragma:
      - no-cache
      Cache-Control:
      - private, no-cache, no-store, must-revalidate
      Expires:
      - Sat, 01 Jan 2000 00:00:00 GMT
      X-Fb-Request-Id:
      - A_RJXQ77TChny3ph7BxopxY
      X-Fb-Trace-Id:
      - HwT3mkPeODG
      X-Fb-Rev:
      - '1007457464'
      X-Fb-Debug:
      - liMLiWJHuALZPGC9WO6HdsHzefnzZ8DdsVCyxIOMPZedTbAAiW50vdQ379yPSb2Ohgp51sFmVF8iR0e1fG2qhQ==
      Date:
      - Tue, 09 May 2023 10:59:06 GMT
      Alt-Svc:
      - h3=":443"; ma=86400
      Connection:
      - keep-alive
      Content-Length:
      - '0'
    body:
      encoding: UTF-8
      string: ''
  recorded_at: Tue, 09 May 2023 10:59:06 GMT
- request:
    method: get
    uri: https://scontent-fra5-2.xx.fbcdn.net/v/t39.30808-1/344829966_1221981612013330_8354171219719494060_n.png?_nc_cat=109&_nc_ht=scontent-fra5-2.xx&_nc_ohc=lLIUqSvB6OgAX8hntme&_nc_sid=dbb9e7&ccb=1-7&edm=AOf6bZoEAAAA&oe=645EDA25&oh=00_AfBsunr7mzcjgMwicGID6a4hpXS0o7cHSsZ-WhqPpnsaIQ&stp=dst-png_p200x200
    body:
      encoding: US-ASCII
      string: ''
    headers:
      Accept-Encoding:
      - gzip;q=1.0,deflate;q=0.6,identity;q=0.3
      Accept:
      - "*/*"
      User-Agent:
      - Zammad User Agent
      Host:
      - scontent-fra5-2.xx.fbcdn.net
  response:
    status:
      code: 200
      message: OK
    headers:
      X-Storage-Error-Category:
      - dfs:none;sc_p:200:WSE_NOT_SET
      Last-Modified:
      - Thu, 04 May 2023 10:26:49 GMT
      X-Needle-Checksum:
      - '2133444885'
      Content-Type:
      - image/png
      Content-Digest:
      - adler32=2018415679
      Timing-Allow-Origin:
      - "*"
      Cross-Origin-Resource-Policy:
      - cross-origin
      Access-Control-Allow-Origin:
      - "*"
      Cache-Control:
      - max-age=1209600, no-transform
      Accept-Ranges:
      - bytes
      X-Fb-Trip-Id:
      - '1679558926'
      Date:
      - Tue, 09 May 2023 10:59:06 GMT
      Alt-Svc:
      - h3=":443"; ma=86400
      Connection:
      - keep-alive
      Content-Length:
      - '3567'
    body:
      encoding: ASCII-8BIT
      string: !binary |-
        iVBORw0KGgoAAAANSUhEUgAAAMgAAADICAIAAAAiOjnJAAAAAXNSR0IB2cksfwAADalJREFUeJztnUl3G8cRgKuXAfd9wU6RlC3beX5xTvml/h2555JjjnnOIXnPjrhg34iVJAhguqdzaJBabMvTJErCzNT3dBSHA+FTV3d1dTX76cefgSAWDf/SL0DEExKLQIHEIlAgsQgUSCwCBRKLQIHEIlAgsQgUSCwCBRKLQIHEIlAgsQgUSCwCBRKLQIHEIlAgsQgUSCwCBRKLQIHEIlAgsQgUSCwCBRKLQIHEIlAgsQgUSCwCBRKLQIHEIlAgsQgUSCwCBRKLQIHEIlAgsQgUSCwCBRKLQIHEIlAgsQgUSCwCBRKLQIHEIlAgsQgUSCwCBRKLQIHEIlAgsQgUSCwCBRKLQIHEIlAgsQgUSCwCBRKLQIHEIlAgsQgUSCwCBRKLQIHEIlAgsQgUSCwCBfmlX2BZMMYs6lGMsUU9KrqQWGBVSHneQh5ljPGVWsijIk3SxTLGSCn7w9E///Vvzl80MWAAvtLpw/2//vC9Uirh41bixQKQQvzvuvyfXy5WV1deGBCDwNRa7T99db6xvqaDIMlmJV0sztjM968q9fX1NU/KF4rFGXuYTkv1xg/fvlHTaZIHrUSvCo0xnpTNm26n35ecB0FgXkZgDABclqsJH64SLxYA5/yyXF3UlMgY40mv3r7pD0dSigWuNCNHosUSnD9MJtfVuhRyUQoIzh4mk1KtscBnRpHkimXjYL3V6S10dLGj4EW5qrROcjRMsFgAjMFFuRoEZoEGWF9bN91uf/Dy1UB0Sa5YkvPb+3Gp3vCkDGCRXz9nbDqbXVXrQoiEapVYsQJjpJTVRnt0dy8EX6hXYAAEF1eV2kz5PKkZh4SKZb/tt6UKxsONMVKKdrfX6fYTuzZMqFhSiMHtba3VQpoGccZ8pS4rNcETGg2TKJaNg6Va4278IF62P/h7GAAhxHW1Pp3NkhkNkygWA9BaX5SqnHGk4cQY4wnR7Q+anW4y14aJE8uWM3QHw0bnxvPcvnKnv8wYU1pfVqqcY+m7zCRPLAApxFW1PplOwwcpm/Z0GnsMGCnkda0xnkyQAu4yk7wPPJ9WV0XogYQxNpv5xUz6m/PTqe+H3FU0BqQU/eGo0e4kMBomS6ynREC725Ohv2wGYExwVsy9OTth4DATZwBBEFyUa4wtNlMWARImFoDg4rJc830VPg5qY9ZWV7PHR4d7u3vbW0rr0IOW8aQs1xGXn0tLwj4tY5Pp9KpaC7/ZwhhTSmWPDne2NldSqUIurVTY3WWbdBje3tWa7aRFwwSJNS/r69x0B8PwX7MNZ2fFvBQiMOa8kOeMhRfEKnhRrj7/vaNJksR6LGjRLgUtOgjWV1df5TJaa6119vhwe2sj/BNsMrbSaM03JRNDgj6q4Px+/HBdazgMV4wppTNHB7s720prHQQb62uFzLGvwk6zbBnF3f240mh6UgaJiYZJEcvGwWqrPRzdOUywAAITnJ8U3uUmDJwWck6rPAMACIVfS05SxLJclCoGHL5dHQTra2vFbMYWxXPGlFL59PH25obWQciHPJWqDm5vZWIqtJIilhBidHdfabRk6HjEGPOVyh0fzlMMAACggmBzfT2fPlbKIWEhOL9/eCjVmuGTZ1EnEWIF83xS83Y8lqHzSQzAGHNWzP96s++0kAPHaMgZv3RcN0SaRIj1mAGvMHCwwU7VT7IZX6mnhDtnTGmVTx9vrq/rwCUaerLRuekNRwkZtOIv1tOeXb3lsGf3GAePdrY2tdbvBz2tg+3N9Xz6yOk0os3NXlfrCZlmJUCseZVB3anKgAGAgfNinvOP06EGgDF2Wsg95T/DvQZwzi8rNafJWXSJv1gMQGl1UXari7JxsJjN+Ep/tPHMGfOVLmTStvNHyAc+HQvr9AZSxL8QPuZi2a+z0xs0b3qucTCfPtqxSfZfjS9a6+3NjezRke8YDWe+77RTGV3iLhaAEOKqUpu51p4bOD8psN/ZFrRx7ayQM8YtGs6PhfnxPxYWc7E4Y7PZ7LLiNkjoINjcWC9k0r7S/LfMYQx8pYrZ9MbaqlM0lFJ0+oOWy/AZUeIs1mOXot5Nr++FntZ8mF7XvzkiMWBa652tzezxoWs0VEoloRA+1mK935/DpbwdAM5P8p9OetmHnxZyxjjsEdmK+1LNreI+isRZLMHZeDK5rrl1KdI62NrYKGSO/U/mBRiAUqqYTa87R0PZHYwanZt4R8PYijXvgdbqOPVAs/Wihczx1sbGp3Wxp7t2t7czh4fKpYrGnmq8LNfiHQ3jKxaALd10LlZhcFbMQ4jNHwMgOD8tZAPj0BjSwPwc9vghzoXwsf1gkvO78bhcb3pShC+vswmqQiZU8YJNvRZzmbXVVR2EPm9onjpHxPlYWDzFCoyRni0IvhNChPypp5T65sa6CjFtsvWle9vb6cN9pR3WhgwgCIwthI+nVnEVy1a8XJQqrtt5jMH5SR5Cpz3tKu80nwtc2iQHxnhSVBrNO5cynmgRw081P3Q1uqs22w5l5gxsasoW8YUcfhiA0vokl1ldWXGqZ7eFh9VGW3rxLISPo1jGeFKWao17l9kxB+YrVcikN9bWlA4MgDF//AcYU0rt7WwfHew5ZUrfHQuLoVQQz5sp5l2KyhWnLkU24fn1aZFzLgR3SKgas5pKvS4WKvVm+EJCW9RabbaGt3exvB8lbmK916Wo69SlyK4HtzY2+sNRYILwPRqMMZPp7GBvZyWVcouGj+vWP3/7dfzuR4mdWPMuRbXJdLrmMu/hnE9ns7/9/R8GDANmHEIUAzAMGGPMrdsWAGPsolz9/s3rWDkFEEOxOGO+71+Wn9P8MwiM1v6zf7XrkGPngo12pz8c7WxvOqXvl59YTd5tHGz3bJei51RpshfwjBcWnI8nk+s43o8SL7EABOcX5dqn94+Xh8dC+BgeC4uVWJE7CfPYAKd70x/E7FhYfMSy5QyNzk23P4zQl2TvR7muReY/Q0hiJBYA5+yiVNVBlMKKDd+X0QnfIYmPWDYtVKo3IjRcvbfg6MfsfpSYiGUT2bVmezCKXkeXeYokXvejxESsSG+9zc+oVWtxuh8lJmIJwUd3d5VGSzpeNrEMPN2P0rqJz/0ocRArMMaTXrke4fKmx/tR4lMIH8mv4SNsl6K3pSqAQz/jpcIASCGvq42HyUTwOETDyItljxf3hqN6u+N66dIL93AWuMNjP0V/OIzNsbDIb0I//l+vP0wmTuUMdqjzlQpCnwoMj+DcdXHKAHQQXJSr58WCcamoXk4iLxYDprS6dOxSNL96yfe/e3361auTmfJ/s0fDMwgAVqT878XV21Il5Xnhx54AwJOyXGvejcdOP7icRFssu9fW7vWbz1hPGSM4/8t33xRzmVnoO73++KmBWUmlUp53UXK8jcIYYY+FNTtvzk6ms1mkq2giLhaAEOKyXJ35vlMctB2wjvf393d3bu/HTod5/vCVZr5/dLh/sLfTG7jtWjIAY+CyUnlzdhL1aBjtybvdwb2q1l1bmdm6+NNCdiWVss9ZFPamnbWVlVf5rHIshrH7B5VG6/b+Xkb8fpQIv/1T88WbXt9z3GULjPE876yQx9ixtumP82I+fE/5J6Tgt/fjSqMV9ftRoizW+12KnO6nZEwpfbS/e7i/i1EQPI+zB/uHe7tOHZQ+aDnh0h1pCYmwWPO63qpzXS8D0IE+y+dSnoc0KgTGrKRSZ4Wca2mome+md4ajOylEFLc+LVEV6+mCmv7IoUuRJTAm5Xmn7t96eObuFvPPcFdwfv8wr/8JImtWZMUCAIC3pYpT04SnDlhHB3vPiFOOv0Uf7e8eHew53TPwwf0okapY/IioiiW5neQ2Pek2JNgE91kh76HFQYvdGj8v5F1PORtjpCcbnW5v4DwYLw+RFMt2Kao2n3NtaWDMSso7zWexD8Y8ZjRyriekAUAw9jCZlKJ8LCySYtkuRW8duxS9nxdFjYPvfpdWB3u7mcMDp34hHyx4HX9weYieWMYYIcRwdFtz6lIE8JRhOn1WhukZ2OZ9Zyd514ngfKuq273pD8I3El8qIigWgCflda3p1KXIYrMAnyEOWmwvydN81qmXpIUzNp35z9hUWBKiJ5adfV9WqoJzp3IqzrlSOn14cLC76yPHwfmr2l6SOzvZo0OlFecOW0fAmBTiulqP6LGwiG1CP8aIXrneNACzmUMPD8bYdDY7K+SkFP70M81d7LHB85P8L9clzrhbUGNQa3Xq7U4xk15g/cXnIWJi2X5D3f5gb2d7NeU5hhdjb91VWn22r8guF17lsqeFXKADcJGDM5jM/N5geJLNYL4jCuynH3/+0u/wHDjn4HT11mNDKmPM558Lz6Pbs14Yo8D1MxC9Ecsy/+d2NeQLLa/e2RyRF3450Zu8E5GAxCJQILEIFEgsAgUSi0CBxCJQILEIFEgsAgUSi0CBxCJQILEIFEgsAgUSi0CBxCJQILEIFEgsAgUSi0CBxCJQILEIFEgsAgUSi0CBxCJQILEIFEgsAgUSi0CBxCJQILEIFEgsAgUSi0CBxCJQILEIFEgsAgUSi0CBxCJQILEIFEgsAgUSi0CBxCJQILEIFEgsAgUSi0CBxCJQILEIFEgsAgUSi0CBxCJQILEIFEgsAgUSi0CBxCJQILEIFEgsAgUSi0CBxCJQILEIFEgsAgUSi0CBxCJQILEIFEgsAoX/A/bKthuXhMbmAAAAAElFTkSuQmCC
  recorded_at: Tue, 09 May 2023 10:59:06 GMT
recorded_with: VCR 6.1.0
